// Jest Snapshot v1, https://goo.gl/fbAQLP

exports[`<QuantityInput /> Renders properly with snapshot 1`] = `
<RNCSafeAreaProvider
  onInsetsChange={[Function]}
  style={
    [
      {
        "flex": 1,
      },
      undefined,
    ]
  }
>
  <View
    collapsable={false}
    pointerEvents="box-none"
    style={
      {
        "flex": 1,
      }
    }
  >
    <View
      style={
        [
          {
            "alignItems": "center",
            "flexDirection": "row",
            "justifyContent": "center",
          },
          {
            "borderRadius": 16,
          },
        ]
      }
    >
      <View
        collapsable={false}
        style={
          {
            "backgroundColor": "rgba(231, 224, 236, 1)",
            "borderRadius": 20,
            "height": 40,
            "margin": 6,
            "shadowColor": "#000",
            "shadowOffset": {
              "height": 0,
              "width": 0,
            },
            "shadowOpacity": 0,
            "shadowRadius": 0,
            "width": 40,
          }
        }
        testID="icon-button-container-outer-layer"
      >
        <View
          collapsable={false}
          style={
            {
              "backgroundColor": "rgba(231, 224, 236, 1)",
              "borderColor": "rgba(121, 116, 126, 1)",
              "borderRadius": 20,
              "borderWidth": 0,
              "elevation": 0,
              "flex": 1,
              "overflow": "hidden",
              "shadowColor": "#000",
              "shadowOffset": {
                "height": 0,
                "width": 0,
              },
              "shadowOpacity": 0,
              "shadowRadius": 0,
            }
          }
          testID="icon-button-container"
        >
          <View
            accessibilityComponentType="button"
            accessibilityLabel="Decrease quantity button"
            accessibilityRole="button"
            accessibilityState={
              {
                "busy": undefined,
                "checked": undefined,
                "disabled": false,
                "expanded": undefined,
                "selected": undefined,
              }
            }
            accessibilityTraits="button"
            accessibilityValue={
              {
                "max": undefined,
                "min": undefined,
                "now": undefined,
                "text": undefined,
              }
            }
            accessible={true}
            centered={true}
            collapsable={false}
            focusable={true}
            hitSlop={
              {
                "bottom": 6,
                "left": 6,
                "right": 6,
                "top": 6,
              }
            }
            onBlur={[Function]}
            onClick={[Function]}
            onFocus={[Function]}
            onResponderGrant={[Function]}
            onResponderMove={[Function]}
            onResponderRelease={[Function]}
            onResponderTerminate={[Function]}
            onResponderTerminationRequest={[Function]}
            onStartShouldSetResponder={[Function]}
            style={
              [
                {
                  "overflow": "hidden",
                },
                [
                  {
                    "alignItems": "center",
                    "flexGrow": 1,
                    "justifyContent": "center",
                  },
                  {
                    "borderRadius": 20,
                  },
                ],
              ]
            }
            testID="icon-button"
          >
            <Text
              accessibilityElementsHidden={true}
              allowFontScaling={false}
              importantForAccessibility="no-hide-descendants"
              pointerEvents="none"
              selectable={false}
              style={
                [
                  {
                    "color": "rgba(103, 80, 164, 1)",
                    "fontSize": 24,
                  },
                  [
                    {
                      "lineHeight": 24,
                      "transform": [
                        {
                          "scaleX": 1,
                        },
                      ],
                    },
                    {
                      "backgroundColor": "transparent",
                    },
                  ],
                  {
                    "fontFamily": "Material Design Icons",
                    "fontStyle": "normal",
                    "fontWeight": "normal",
                  },
                  {},
                ]
              }
            >
              󰍴
            </Text>
          </View>
        </View>
      </View>
      <Text
        accessibilityLabel="Quantity value"
        accessibilityValue={
          {
            "max": 100,
            "min": 0,
            "now": 667,
          }
        }
        style={
          [
            {
              "textAlign": "left",
            },
            {
              "color": "rgba(28, 27, 31, 1)",
              "writingDirection": "ltr",
            },
            [
              {
                "fontFamily": "System",
                "fontSize": 16,
                "fontWeight": "500",
                "letterSpacing": 0.15,
                "lineHeight": 24,
              },
              [
                {
                  "height": 40,
                  "lineHeight": 40,
                  "minWidth": 40,
                  "paddingHorizontal": 8,
                  "textAlign": "center",
                },
                {
                  "backgroundColor": "rgba(255, 251, 254, 1)",
                  "color": "rgba(28, 27, 31, 1)",
                },
              ],
            ],
          ]
        }
      >
        667
      </Text>
      <View
        collapsable={false}
        style={
          {
            "backgroundColor": "rgba(231, 224, 236, 1)",
            "borderRadius": 20,
            "height": 40,
            "margin": 6,
            "shadowColor": "#000",
            "shadowOffset": {
              "height": 0,
              "width": 0,
            },
            "shadowOpacity": 0,
            "shadowRadius": 0,
            "width": 40,
          }
        }
        testID="icon-button-container-outer-layer"
      >
        <View
          collapsable={false}
          style={
            {
              "backgroundColor": "rgba(231, 224, 236, 1)",
              "borderColor": "rgba(121, 116, 126, 1)",
              "borderRadius": 20,
              "borderWidth": 0,
              "elevation": 0,
              "flex": 1,
              "overflow": "hidden",
              "shadowColor": "#000",
              "shadowOffset": {
                "height": 0,
                "width": 0,
              },
              "shadowOpacity": 0,
              "shadowRadius": 0,
            }
          }
          testID="icon-button-container"
        >
          <View
            accessibilityComponentType="button"
            accessibilityLabel="Increase quantity button"
            accessibilityRole="button"
            accessibilityState={
              {
                "busy": undefined,
                "checked": undefined,
                "disabled": false,
                "expanded": undefined,
                "selected": undefined,
              }
            }
            accessibilityTraits="button"
            accessibilityValue={
              {
                "max": undefined,
                "min": undefined,
                "now": undefined,
                "text": undefined,
              }
            }
            accessible={true}
            centered={true}
            collapsable={false}
            focusable={true}
            hitSlop={
              {
                "bottom": 6,
                "left": 6,
                "right": 6,
                "top": 6,
              }
            }
            onBlur={[Function]}
            onClick={[Function]}
            onFocus={[Function]}
            onResponderGrant={[Function]}
            onResponderMove={[Function]}
            onResponderRelease={[Function]}
            onResponderTerminate={[Function]}
            onResponderTerminationRequest={[Function]}
            onStartShouldSetResponder={[Function]}
            style={
              [
                {
                  "overflow": "hidden",
                },
                [
                  {
                    "alignItems": "center",
                    "flexGrow": 1,
                    "justifyContent": "center",
                  },
                  {
                    "borderRadius": 20,
                  },
                ],
              ]
            }
            testID="icon-button"
          >
            <Text
              accessibilityElementsHidden={true}
              allowFontScaling={false}
              importantForAccessibility="no-hide-descendants"
              pointerEvents="none"
              selectable={false}
              style={
                [
                  {
                    "color": "rgba(103, 80, 164, 1)",
                    "fontSize": 24,
                  },
                  [
                    {
                      "lineHeight": 24,
                      "transform": [
                        {
                          "scaleX": 1,
                        },
                      ],
                    },
                    {
                      "backgroundColor": "transparent",
                    },
                  ],
                  {
                    "fontFamily": "Material Design Icons",
                    "fontStyle": "normal",
                    "fontWeight": "normal",
                  },
                  {},
                ]
              }
            >
              󰐕
            </Text>
          </View>
        </View>
      </View>
    </View>
  </View>
</RNCSafeAreaProvider>
`;
